// Jest Snapshot v1, https://goo.gl/fbAQLP

exports[`Mock test 1`] = `[Function]`;
